<html>
<body>
<pre>
<h1>µVision Build Log</h1>
<h2>Tool Versions:</h2>
IDE-Version: ¦ÌVision V5.41.0.0
Copyright (C) 2024 ARM Ltd and ARM Germany GmbH. All rights reserved.
License Information: aa ZYjsw88@outlook.com, aa, LIC=ZB4EI-TZA4V-2ZXW4-FIJEQ-F68J4-X7QSM
 
Tool Versions:
Toolchain:       MDK-ARM Plus  Version: 5.41.0.0
Toolchain Path:  C:\Users\ZYjsw\AppData\Local\Keil_v5\ARM\ARMCLANG\Bin
C Compiler:      ArmClang.exe V6.22
Assembler:       Armasm.exe V6.22
Linker/Locator:  ArmLink.exe V6.22
Library Manager: ArmAr.exe V6.22
Hex Converter:   FromElf.exe V6.22
CPU DLL:         SARMCM3.DLL V5.41.0.0
Dialog DLL:      DCM.DLL V1.17.5.0
Target DLL:      STLink\ST-LINKIII-KEIL_SWO.dll V3.3.0.0
Dialog DLL:      TCM.DLL V1.56.4.0
 
<h2>Project:</h2>
C:\Users\ZYjsw\Downloads\ministm32h7xx\SDK\HAL\STM32H743\01-GPIO\MDK-ARM\01-GPIO.uvprojx
Project File Date:  01/14/2025

<h2>Output:</h2>
*** Using Compiler 'V6.22', folder: 'C:\Users\ZYjsw\AppData\Local\Keil_v5\ARM\ARMCLANG\Bin'
Rebuild target '01-GPIO'
compiling rng.c...
compiling adc.c...
compiling i2c.c...
compiling stm32h7xx_it.c...
assembling startup_stm32h743xx.s...
compiling stm32h7xx_hal_msp.c...
compiling gpio.c...
compiling usart.c...
compiling spi.c...
compiling main.c...
compiling bsp_as5600.c...
compiling tim.c...
compiling stm32h7xx_hal_adc.c...
compiling stm32h7xx_hal_adc_ex.c...
compiling stm32h7xx_hal_rcc.c...
compiling stm32h7xx_hal_rcc_ex.c...
compiling stm32h7xx_hal_flash.c...
compiling stm32h7xx_hal_gpio.c...
compiling stm32h7xx_hal_flash_ex.c...
compiling stm32h7xx_hal_hsem.c...
compiling stm32h7xx_hal_dma_ex.c...
compiling stm32h7xx_hal_pwr.c...
compiling stm32h7xx_hal_mdma.c...
compiling stm32h7xx_hal_pwr_ex.c...
compiling stm32h7xx_hal_dma.c...
compiling stm32h7xx_hal_cortex.c...
compiling stm32h7xx_hal.c...
compiling stm32h7xx_hal_i2c_ex.c...
compiling stm32h7xx_hal_exti.c...
compiling stm32h7xx_hal_i2c.c...
compiling stm32h7xx_hal_rng.c...
compiling stm32h7xx_hal_rng_ex.c...
compiling stm32h7xx_hal_spi.c...
compiling stm32h7xx_hal_spi_ex.c...
compiling system_stm32h7xx.c...
compiling stm32h7xx_hal_uart_ex.c...
compiling stm32h7xx_hal_tim_ex.c...
compiling stm32h7xx_hal_uart.c...
compiling stm32h7xx_hal_tim.c...
linking...
Program Size: Code=39764 RO-data=752 RW-data=16 ZI-data=2424  
FromELF: creating hex file...
"01-GPIO\01-GPIO.axf" - 0 Error(s), 0 Warning(s).

<h2>Software Packages used:</h2>

Package Vendor: ARM
                https://www.keil.com/pack/ARM.CMSIS.6.1.0.pack
                ARM::CMSIS@6.1.0
                CMSIS (Common Microcontroller Software Interface Standard)
   * Component: CORE Version: 6.1.0

Package Vendor: Keil
                https://www.keil.com/pack/Keil.STM32H7xx_DFP.4.0.0.pack
                Keil::STM32H7xx_DFP@4.0.0
                STMicroelectronics STM32H7 Series Device Support

<h2>Collection of Component include folders:</h2>
  ./RTE/_01-GPIO
  C:/Users/ZYjsw/AppData/Local/Arm/Packs/ARM/CMSIS/6.1.0/CMSIS/Core/Include

<h2>Collection of Component Files used:</h2>

   * Component: ARM::CMSIS:CORE@6.1.0
Build Time Elapsed:  00:00:03
</pre>
</body>
</html>
